SpeechBrain system description
==============================
Python version:
3.9.23 | packaged by conda-forge | (main, Jun  4 2025, 17:57:12) 
[GCC 13.3.0]
==============================
Installed Python packages:
annotated-types==0.7.0
audioread==3.0.1
certifi==2026.1.4
cffi==2.0.0
cfgv==3.4.0
charset-normalizer==3.4.4
click==8.1.7
codespell==2.4.1
coloredlogs==15.0.1
decorator==5.1.1
Distance==0.1.3
distlib==0.4.0
espnet-onnx==0.2.0
espnet-tts-frontend==0.0.3
exceptiongroup==1.3.1
filelock==3.19.1
flatbuffers==24.3.25
fsspec==2025.10.0
g2p-en==2.1.0
hf-xet==1.2.0
huggingface_hub==0.36.2
humanfriendly==10.0
HyperPyYAML==1.2.3
identify==2.6.15
idna==3.11
importlib_metadata==7.1.0
inflect==7.0.0
iniconfig==2.1.0
jaconv==0.3.4
jamo==0.4.1
Jinja2==3.1.6
joblib==1.4.2
lazy_loader==0.4
librosa==0.10.2.post1
llvmlite==0.42.0
MarkupSafe==2.1.5
mpmath==1.3.0
msgpack==1.0.8
networkx==3.2.1
nltk==3.8.1
nodeenv==1.10.0
numba==0.59.1
numpy==1.26.4
nvidia-cublas-cu12==12.4.5.8
nvidia-cuda-cupti-cu12==12.4.127
nvidia-cuda-nvrtc-cu12==12.4.127
nvidia-cuda-runtime-cu12==12.4.127
nvidia-cudnn-cu12==9.1.0.70
nvidia-cufft-cu12==11.2.1.3
nvidia-curand-cu12==10.3.5.147
nvidia-cusolver-cu12==11.6.1.9
nvidia-cusparse-cu12==12.3.1.170
nvidia-cusparselt-cu12==0.6.2
nvidia-nccl-cu12==2.21.5
nvidia-nvjitlink-cu12==12.4.127
nvidia-nvtx-cu12==12.4.127
onnxruntime==1.16.3
packaging==24.0
pandas==2.3.3
pathspec==1.0.4
platformdirs==4.2.2
pluggy==1.6.0
pooch==1.8.1
pre_commit==4.3.0
protobuf==5.27.0
pycparser==2.23
pydantic==2.7.2
pydantic_core==2.18.3
pypinyin==0.51.0
pytest==7.4.0
python-dateutil==2.9.0.post0
pytz==2025.2
PyYAML==6.0.1
regex==2024.5.15
requests==2.32.5
ruamel.yaml==0.18.17
ruamel.yaml.clib==0.2.15
ruff==0.12.4
safetensors==0.7.0
scikit-learn==1.5.0
scipy==1.13.1
sentencepiece==0.2.0
six==1.17.0
soundfile==0.12.1
soxr==0.3.7
-e git+https://github.com/speechbrain/speechbrain.git@47d71953376db05d024acfd173a3d6005cf07478#egg=speechbrain
sympy==1.13.1
threadpoolctl==3.5.0
tokenizers==0.15.2
tomli==2.4.0
torch==2.6.0
torchaudio==2.6.0
tqdm==4.67.3
transformers==4.35.2
triton==3.2.0
typeguard==4.3.0
typing_extensions==4.15.0
tzdata==2025.3
Unidecode==1.3.8
urllib3==2.6.3
virtualenv==20.37.0
yamllint==1.35.1
zipp==3.19.0
==============================
Git revision:
47d7195
==============================
CUDA version:
12.4